9 Planets; Children can count to nine on two hands..